# rule_bias_default (-a) = 0, stoptol (-s) = 1e-07, minruleprob (-p) = 0, maxlen (-l) = 0, minits (-m) = 20, maxits = (-n) = 20, annealstart (-b) = 1, annealstop (-B) = 1, nanneal (-N) = 0, jitter0 (-j) = 0, jitter (-J) = 0, VariationalBayes (-V) = 1, wordscale (-W) = 1, randseed (-S) = 97, debuglevel (-d) = 1000, nruns (-R) = 1
# Run 0
# Iteration	temperature	nrules	-logP	bits/token	iter_min
0	1	41743 1 sentences failed to parse	1.01443e+07	14.5521	22.9752
1	1	41743 1 sentences failed to parse	6.75536e+06	9.6906	22.612
2	1	41743 1 sentences failed to parse	6.66451e+06	9.56028	23.2039
3	1	41743 1 sentences failed to parse	6.61253e+06	9.48571	23.234
4	1	41743 1 sentences failed to parse	6.57391e+06	9.43031	23.3137
5	1	41743 1 sentences failed to parse	6.54757e+06	9.39252	22.9726
6	1	41743 1 sentences failed to parse	6.52987e+06	9.36713	23.0417
7	1	41743 1 sentences failed to parse	6.5171e+06	9.34882	23.5871
8	1	41743 1 sentences failed to parse	6.50741e+06	9.33491	23.9073
9	1	41743 1 sentences failed to parse	6.49952e+06	9.32359	23.8084
10	1	41743 1 sentences failed to parse	6.49271e+06	9.31383	23.5319
11	1	41743 1 sentences failed to parse	6.48664e+06	9.30512	22.2553
12	1	41743 1 sentences failed to parse	6.4812e+06	9.29731	21.5483
13	1	41743 1 sentences failed to parse	6.47633e+06	9.29034	21.591
14	1	41743 1 sentences failed to parse	6.47204e+06	9.28417	21.3584
15	1	41743 1 sentences failed to parse	6.46828e+06	9.27878	21.8593
16	1	41743 1 sentences failed to parse	6.46503e+06	9.27412	21.4905
17	1	41743 1 sentences failed to parse	6.46221e+06	9.27008	21.8367
18	1	41743 1 sentences failed to parse	6.45976e+06	9.26656	22.1989
19	1	41743 1 sentences failed to parse	6.4576e+06	9.26347	22.2834
20	1	41743 1 sentences failed to parse	6.45569e+06	9.26072	22.1607
# run 0, entropy 9.26072, 41743 rules
