# rule_bias_default (-a) = 0, stoptol (-s) = 1e-07, minruleprob (-p) = 0, maxlen (-l) = 0, minits (-m) = 20, maxits = (-n) = 20, annealstart (-b) = 1, annealstop (-B) = 1, nanneal (-N) = 0, jitter0 (-j) = 0, jitter (-J) = 0, VariationalBayes (-V) = 1, wordscale (-W) = 1, randseed (-S) = 97, debuglevel (-d) = 1000, nruns (-R) = 1
# Run 0
# Iteration	temperature	nrules	-logP	bits/token	iter_min
0	1	41743 1 sentences failed to parse	1.01443e+07	14.5521	26.7812
1	1	41743 1 sentences failed to parse	6.75524e+06	9.69043	26.3807
2	1	41743 1 sentences failed to parse	6.66432e+06	9.56	27.4914
3	1	41743 1 sentences failed to parse	6.61227e+06	9.48534	27.3934
4	1	41743 1 sentences failed to parse	6.57363e+06	9.42991	27.263
5	1	41743 1 sentences failed to parse	6.5473e+06	9.39214	27.216
6	1	41743 1 sentences failed to parse	6.52962e+06	9.36677	27.5085
7	1	41743 1 sentences failed to parse	6.51687e+06	9.34848	26.8762
8	1	41743 1 sentences failed to parse	6.50719e+06	9.3346	27.6187
9	1	41743 1 sentences failed to parse	6.49931e+06	9.3233	25.9901
10	1	41743 1 sentences failed to parse	6.49252e+06	9.31355	25.5602
11	1	41743 1 sentences failed to parse	6.48647e+06	9.30487	25.7734
12	1	41743 1 sentences failed to parse	6.48104e+06	9.29708	25.6005
13	1	41743 1 sentences failed to parse	6.4762e+06	9.29014	25.5759
14	1	41743 1 sentences failed to parse	6.47192e+06	9.28401	25.931
15	1	41743 1 sentences failed to parse	6.46819e+06	9.27866	25.5303
16	1	41743 1 sentences failed to parse	6.46497e+06	9.27403	25.8114
17	1	41743 1 sentences failed to parse	6.46218e+06	9.27004	25.5275
18	1	41743 1 sentences failed to parse	6.45976e+06	9.26656	25.6468
19	1	41743 1 sentences failed to parse	6.45763e+06	9.2635	26.0535
20	1	41743 1 sentences failed to parse	6.45574e+06	9.26079	25.8447
# run 0, entropy 9.26079, 41743 rules
