# rule_bias_default (-a) = 0, stoptol (-s) = 1e-07, minruleprob (-p) = 0, maxlen (-l) = 0, minits (-m) = 20, maxits = (-n) = 20, annealstart (-b) = 1, annealstop (-B) = 1, nanneal (-N) = 0, jitter0 (-j) = 0, jitter (-J) = 0, VariationalBayes (-V) = 1, wordscale (-W) = 1, randseed (-S) = 97, debuglevel (-d) = 1000, nruns (-R) = 1
# Run 0
# Iteration	temperature	nrules	-logP	bits/token	iter_min
0	1	40216 5 sentences failed to parse	1.01548e+07	14.5682	12.3756
1	1	40216 5 sentences failed to parse	6.75262e+06	9.68737	12.0126
2	1	40216 5 sentences failed to parse	6.65755e+06	9.55098	13.3406
3	1	40216 5 sentences failed to parse	6.60346e+06	9.47338	12.0249
4	1	40216 5 sentences failed to parse	6.56513e+06	9.41839	12.8284
5	1	40216 5 sentences failed to parse	6.54108e+06	9.38389	13.2851
6	1	40216 5 sentences failed to parse	6.52542e+06	9.36142	12.7108
7	1	40216 5 sentences failed to parse	6.5137e+06	9.34461	12.3724
8	1	40216 5 sentences failed to parse	6.50446e+06	9.33135	13.1506
9	1	40216 5 sentences failed to parse	6.49706e+06	9.32074	12.0843
10	1	40216 5 sentences failed to parse	6.49102e+06	9.31207	13.3841
11	1	40216 5 sentences failed to parse	6.48594e+06	9.30478	12.7323
12	1	40216 5 sentences failed to parse	6.48154e+06	9.29846	12.8141
13	1	40216 5 sentences failed to parse	6.47769e+06	9.29294	12.7052
14	1	40216 5 sentences failed to parse	6.47437e+06	9.28819	12.0303
15	1	40216 5 sentences failed to parse	6.47157e+06	9.28417	11.6562
16	1	40216 5 sentences failed to parse	6.46925e+06	9.28084	12.3614
17	1	40216 5 sentences failed to parse	6.46729e+06	9.27803	12.0144
18	1	40216 5 sentences failed to parse	6.46564e+06	9.27566	12.6333
19	1	40216 5 sentences failed to parse	6.46418e+06	9.27356	11.9515
20	1	40216 5 sentences failed to parse	6.46286e+06	9.27167	12.0692
# run 0, entropy 9.27167, 40216 rules
