# rule_bias_default (-a) = 0, stoptol (-s) = 1e-07, minruleprob (-p) = 0, maxlen (-l) = 0, minits (-m) = 20, maxits = (-n) = 20, annealstart (-b) = 1, annealstop (-B) = 1, nanneal (-N) = 0, jitter0 (-j) = 0, jitter (-J) = 0, VariationalBayes (-V) = 1, wordscale (-W) = 1, randseed (-S) = 97, debuglevel (-d) = 1000, nruns (-R) = 1
# Run 0
# Iteration	temperature	nrules	-logP	bits/token	iter_min
0	1	41743 1 sentences failed to parse	1.01443e+07	14.5521	21.9713
1	1	41743 1 sentences failed to parse	6.75513e+06	9.69026	21.1812
2	1	41743 1 sentences failed to parse	6.66412e+06	9.55972	21.4135
3	1	41743 1 sentences failed to parse	6.61203e+06	9.48499	21.0222
4	1	41743 1 sentences failed to parse	6.57337e+06	9.42954	20.999
5	1	41743 1 sentences failed to parse	6.54706e+06	9.3918	20.9674
6	1	41743 1 sentences failed to parse	6.5294e+06	9.36646	21.0323
7	1	41743 1 sentences failed to parse	6.51667e+06	9.3482	21.58
8	1	41743 1 sentences failed to parse	6.50701e+06	9.33434	21.7766
9	1	41743 1 sentences failed to parse	6.49916e+06	9.32308	21.6966
10	1	41743 1 sentences failed to parse	6.4924e+06	9.31338	21.9601
11	1	41743 1 sentences failed to parse	6.48638e+06	9.30475	21.9366
12	1	41743 1 sentences failed to parse	6.481e+06	9.29702	21.6476
13	1	41743 1 sentences failed to parse	6.47619e+06	9.29013	21.7742
14	1	41743 1 sentences failed to parse	6.47195e+06	9.28405	20.8422
15	1	41743 1 sentences failed to parse	6.46824e+06	9.27873	20.3865
16	1	41743 1 sentences failed to parse	6.46504e+06	9.27413	20.3967
17	1	41743 1 sentences failed to parse	6.46227e+06	9.27016	20.3639
18	1	41743 1 sentences failed to parse	6.45987e+06	9.26671	20.4251
19	1	41743 1 sentences failed to parse	6.45776e+06	9.26369	22.1543
20	1	41743 1 sentences failed to parse	6.45589e+06	9.26101	21.8485
# run 0, entropy 9.26101, 41743 rules
