# rule_bias_default (-a) = 0, stoptol (-s) = 1e-07, minruleprob (-p) = 0, maxlen (-l) = 0, minits (-m) = 20, maxits = (-n) = 20, annealstart (-b) = 1, annealstop (-B) = 1, nanneal (-N) = 0, jitter0 (-j) = 0, jitter (-J) = 0, VariationalBayes (-V) = 1, wordscale (-W) = 1, randseed (-S) = 97, debuglevel (-d) = 1000, nruns (-R) = 1
# Run 0
# Iteration	temperature	nrules	-logP	bits/token	iter_min
0	1	39003 371 sentences failed to parse	1.02324e+07	14.7504	2.75422
1	1	39003 371 sentences failed to parse	6.72005e+06	9.68725	2.74482
2	1	39003 371 sentences failed to parse	6.61725e+06	9.53905	2.85105
3	1	39003 371 sentences failed to parse	6.56173e+06	9.45902	2.83847
4	1	39003 371 sentences failed to parse	6.5264e+06	9.40809	2.84509
5	1	39003 371 sentences failed to parse	6.50674e+06	9.37975	2.85077
6	1	39003 371 sentences failed to parse	6.49527e+06	9.36322	2.85502
7	1	39003 371 sentences failed to parse	6.48746e+06	9.35195	2.84293
8	1	39003 371 sentences failed to parse	6.48159e+06	9.34349	2.89549
9	1	39003 371 sentences failed to parse	6.47703e+06	9.33692	3.01847
10	1	39003 371 sentences failed to parse	6.47349e+06	9.33182	3.17173
11	1	39003 371 sentences failed to parse	6.47074e+06	9.32786	3.24232
12	1	39003 371 sentences failed to parse	6.46859e+06	9.32475	3.22858
13	1	39003 371 sentences failed to parse	6.46687e+06	9.32227	3.23698
14	1	39003 371 sentences failed to parse	6.46548e+06	9.32027	3.23979
15	1	39003 371 sentences failed to parse	6.46434e+06	9.31863	3.22722
16	1	39003 371 sentences failed to parse	6.46339e+06	9.31726	3.23041
17	1	39003 371 sentences failed to parse	6.46259e+06	9.3161	3.23532
18	1	39003 371 sentences failed to parse	6.4619e+06	9.31511	3.24284
19	1	39003 371 sentences failed to parse	6.46129e+06	9.31424	3.24002
20	1	39003 371 sentences failed to parse	6.46076e+06	9.31346	3.24143
# run 0, entropy 9.31346, 39003 rules
